<?xml version="1.0" encoding="utf-8"?><testsuites><testsuite name="pytest" errors="0" failures="0" skipped="0" tests="1" time="3.290" timestamp="2024-07-27T14:38:12.619956" hostname="463393b0bc53"><testcase classname="tests.test_pauta" name="test_simple_send" time="2.447" /></testsuite></testsuites>